
Allocation des symboles communs
Symbole commun      taille            fichier

input_random_param  0x24              measurement_randomization.o

Sections d'entrée éliminées

 .note.GNU-stack
                0x00000000        0x0 main.o
 .note.GNU-stack
                0x00000000        0x0 kanayama.o
 .note.GNU-stack
                0x00000000        0x0 guidance_mgr.o
 .note.GNU-stack
                0x00000000        0x0 measurement_randomization.o
 .note.GNU-stack
                0x00000000        0x0 segment.o
 .note.GNU-stack
                0x00000000        0x0 simulator.o
 .note.GNU-stack
                0x00000000        0x0 parametres.o
 .note.GNU-stack
                0x00000000        0x0 mat.o
 .note.GNU-stack
                0x00000000        0x0 threads_mgr.o
 .note.GNU-stack
                0x00000000        0x0 main.o

Configuration mémoire

Nom              Origine            Longueur           Attributs
*default*        0x00000000         0xffffffff

Script de l'éditeurs de liens and table de projection mémoire

LOAD main.o
LOAD kanayama.o
LOAD guidance_mgr.o
LOAD measurement_randomization.o
LOAD segment.o
LOAD simulator.o
LOAD parametres.o
LOAD mat.o
LOAD threads_mgr.o
LOAD /usr/lib/arm-linux-gnueabihf//libpthread.so
START GROUP
LOAD /lib/arm-linux-gnueabihf/libpthread.so.0
LOAD /usr/lib/arm-linux-gnueabihf/libpthread_nonshared.a
END GROUP
LOAD /usr/lib/arm-linux-gnueabihf//libm.so
LOAD /usr/lib/arm-linux-gnueabihf//libc.so
START GROUP
LOAD /lib/arm-linux-gnueabihf/libc.so.6
LOAD /usr/lib/arm-linux-gnueabihf/libc_nonshared.a
LOAD /lib/arm-linux-gnueabihf/ld-linux-armhf.so.3
END GROUP
LOAD main.o
                [!provide]                PROVIDE (__executable_start, SEGMENT_START ("text-segment", 0x10000))
                0x00010114                . = (SEGMENT_START ("text-segment", 0x10000) + SIZEOF_HEADERS)

.interp         0x00010114       0x11
 *(.interp)
 .interp        0x00010114       0x11 main.o

.note.gnu.build-id
 *(.note.gnu.build-id)

.hash           0x00010128       0x98
 *(.hash)
 .hash          0x00010128       0x98 main.o

.gnu.hash
 *(.gnu.hash)

.dynsym         0x000101c0      0x130
 *(.dynsym)
 .dynsym        0x000101c0      0x130 main.o

.dynstr         0x000102f0       0xa7
 *(.dynstr)
 .dynstr        0x000102f0       0xa7 main.o

.gnu.version    0x00010398       0x26
 *(.gnu.version)
 .gnu.version   0x00010398       0x26 main.o

.gnu.version_d  0x000103c0        0x0
 *(.gnu.version_d)
 .gnu.version_d
                0x000103c0        0x0 main.o

.gnu.version_r  0x000103c0       0x60
 *(.gnu.version_r)
 .gnu.version_r
                0x000103c0       0x60 main.o

.rel.dyn        0x00010420        0x0
 *(.rel.init)
 *(.rel.text .rel.text.* .rel.gnu.linkonce.t.*)
 *(.rel.fini)
 *(.rel.rodata .rel.rodata.* .rel.gnu.linkonce.r.*)
 *(.rel.data.rel.ro .rel.data.rel.ro.* .rel.gnu.linkonce.d.rel.ro.*)
 .rel.data.rel.ro
                0x00010420        0x0 main.o
 *(.rel.data .rel.data.* .rel.gnu.linkonce.d.*)
 *(.rel.tdata .rel.tdata.* .rel.gnu.linkonce.td.*)
 *(.rel.tbss .rel.tbss.* .rel.gnu.linkonce.tb.*)
 *(.rel.ctors)
 *(.rel.dtors)
 *(.rel.got)
 .rel.got       0x00010420        0x0 main.o
 *(.rel.bss .rel.bss.* .rel.gnu.linkonce.b.*)
 .rel.bss       0x00010420        0x0 main.o
                [!provide]                PROVIDE (__rel_iplt_start, .)
 *(.rel.iplt)
 .rel.iplt      0x00010420        0x0 main.o
                [!provide]                PROVIDE (__rel_iplt_end, .)

.rela.dyn       0x00010420        0x0
 *(.rela.init)
 *(.rela.text .rela.text.* .rela.gnu.linkonce.t.*)
 *(.rela.fini)
 *(.rela.rodata .rela.rodata.* .rela.gnu.linkonce.r.*)
 *(.rela.data .rela.data.* .rela.gnu.linkonce.d.*)
 *(.rela.tdata .rela.tdata.* .rela.gnu.linkonce.td.*)
 *(.rela.tbss .rela.tbss.* .rela.gnu.linkonce.tb.*)
 *(.rela.ctors)
 *(.rela.dtors)
 *(.rela.got)
 *(.rela.bss .rela.bss.* .rela.gnu.linkonce.b.*)
                [!provide]                PROVIDE (__rela_iplt_start, .)
 *(.rela.iplt)
                [!provide]                PROVIDE (__rela_iplt_end, .)

.rel.plt        0x00010420       0x90
 *(.rel.plt)
 .rel.plt       0x00010420       0x90 main.o

.rela.plt
 *(.rela.plt)

.init
 *(SORT(.init))

.plt            0x000104b0       0xec
 *(.plt)
 .plt           0x000104b0       0xec main.o
                0x000104c4                printf@@GLIBC_2.4
                0x000104d0                free@@GLIBC_2.4
                0x000104dc                memcpy@@GLIBC_2.4
                0x000104e8                time@@GLIBC_2.4
                0x00010500                perror@@GLIBC_2.4
                0x0001050c                pthread_create@@GLIBC_2.4
                0x00010518                acos@@GLIBC_2.4
                0x00010524                malloc@@GLIBC_2.4
                0x00010530                clock@@GLIBC_2.4
                0x0001053c                sin@@GLIBC_2.4
                0x00010548                srand@@GLIBC_2.4
                0x00010554                sqrt@@GLIBC_2.4
                0x00010560                memset@@GLIBC_2.4
                0x0001056c                rand@@GLIBC_2.4
                0x00010578                pthread_join@@GLIBC_2.4
                0x00010584                fmod@@GLIBC_2.4
                0x00010590                cos@@GLIBC_2.4

.iplt           0x0001059c        0x0
 *(.iplt)
 .iplt          0x0001059c        0x0 main.o

.text           0x000105a0     0x5b74
 *(.text.unlikely .text.*_unlikely .text.unlikely.*)
 *(.text.exit .text.exit.*)
 *(.text.startup .text.startup.*)
 *(.text.hot .text.hot.*)
 *(.text .stub .text.* .gnu.linkonce.t.*)
 .text          0x000105a0      0x16c main.o
                0x000105a0                main
 .text          0x0001070c      0x500 kanayama.o
                0x0001070c                get_error_vector
                0x00010840                get_ref_speed
                0x000109f8                kanayama
 *fill*         0x00010c0c        0x4 
 .text          0x00010c10     0x1e24 guidance_mgr.o
                0x00012838                com_tracking
                0x000129d8                com_generation
 *fill*         0x00012a34        0x4 
 .text          0x00012a38      0x8a0 measurement_randomization.o
                0x00012a38                sendMsg_CPU2
                0x00012a64                init_random
                0x00012a88                random_int
                0x00012b14                random_gps
                0x00012d60                random_compass
                0x00012fac                random_odometry
                0x000131f8                sensor_data_randomize
 .text          0x000132d8     0x16bc segment.o
                0x000132d8                segment
                0x00013370                inInterval
                0x00013444                intersects
                0x000137fc                get_intersection
                0x00013d20                test_intersection_point
                0x00013f64                test_intersection_pos
                0x00013ffc                side_lr_points
                0x000141d8                lr_points
                0x0001453c                segPoint_point_node
                0x000146e4                is_collision_right
                0x00014804                node_to_point
                0x00014864                compute_theta
 *fill*         0x00014994        0x4 
 .text          0x00014998      0x2e4 simulator.o
                0x00014998                update_simulation
 .text          0x00014c7c        0x0 parametres.o
 *fill*         0x00014c7c        0x4 
 .text          0x00014c80     0x11e8 mat.o
                0x00014c80                mat_mul_scal
                0x00014d5c                mat_copy
                0x00014de8                mat_add
                0x00014f54                mat_sub
                0x000150c0                mat_mul
                0x000152a4                mat_mul_1
                0x00015488                mat_mul_1b
                0x0001566c                mat_mul_2
                0x000156e0                mat_mul_2b
                0x00015754                mat_create
                0x00015840                mat_del
                0x0001586c                mat_det
                0x000159f0                mat_inv
                0x00015d60                mat_transp
 .text          0x00015e68      0x140 threads_mgr.o
                0x00015e68                my_delay
                0x00015eb8                start_thread
                0x00015f14                end_thread
                0x00015f60                safe_alloc
 .text          0x00015fa8      0x16c main.o
 *(.gnu.warning)
 *(.glue_7t)
 .glue_7t       0x00016114        0x0 linker stubs
 *(.glue_7)
 .glue_7        0x00016114        0x0 linker stubs
 *(.vfp11_veneer)
 .vfp11_veneer  0x00016114        0x0 linker stubs
 *(.v4_bx)
 .v4_bx         0x00016114        0x0 linker stubs

.fini
 *(SORT(.fini))
                [!provide]                PROVIDE (__etext, .)
                [!provide]                PROVIDE (_etext, .)
                [!provide]                PROVIDE (etext, .)

.rodata         0x00016118      0x490
 *(.rodata .rodata.* .gnu.linkonce.r.*)
 .rodata        0x00016118       0x48 main.o
 .rodata        0x00016160      0x1e0 measurement_randomization.o
 .rodata        0x00016340      0x11c parametres.o
                0x00016340                K_rp
                0x00016368                Qd
                0x00016388                Q
                0x00016398                K_mn
                0x000163c0                RGPSd
                0x000163e0                RGPS
                0x000163f0                RCOMPd
                0x000163f8                RCOMP
                0x00016408                RGPSCOMPd
                0x00016450                RGPSCOMP
 *fill*         0x0001645c        0x4 
 .rodata        0x00016460       0xdc mat.o
                0x000164e8                K_EYE_3_3d
                0x00016530                K_EYE_3_3
 .rodata        0x0001653c       0x1d threads_mgr.o
 *fill*         0x00016559        0x7 
 .rodata        0x00016560       0x48 main.o

.rodata1
 *(.rodata1)

.ARM.extab
 *(.ARM.extab* .gnu.linkonce.armextab.*)
                [!provide]                PROVIDE (__exidx_start, .)

.ARM.exidx
 *(.ARM.exidx* .gnu.linkonce.armexidx.*)
                [!provide]                PROVIDE (__exidx_end, .)

.eh_frame_hdr
 *(.eh_frame_hdr)
 *(.eh_frame_entry .eh_frame_entry.*)

.eh_frame
 *(.eh_frame)
 *(.eh_frame.*)

.gcc_except_table
 *(.gcc_except_table .gcc_except_table.*)

.gnu_extab
 *(.gnu_extab*)

.exception_ranges
 *(.exception_ranges .exception_ranges*)
                0x00026f50                . = DATA_SEGMENT_ALIGN (CONSTANT (MAXPAGESIZE), CONSTANT (COMMONPAGESIZE))

.eh_frame
 *(.eh_frame)
 *(.eh_frame.*)

.gnu_extab
 *(.gnu_extab)

.gcc_except_table
 *(.gcc_except_table .gcc_except_table.*)

.exception_ranges
 *(.exception_ranges .exception_ranges*)

.tdata
 *(.tdata .tdata.* .gnu.linkonce.td.*)

.tbss
 *(.tbss .tbss.* .gnu.linkonce.tb.*)
 *(.tcommon)

.preinit_array  0x00026f50        0x0
                [!provide]                PROVIDE (__preinit_array_start, .)
 *(.preinit_array)
                [!provide]                PROVIDE (__preinit_array_end, .)

.init_array     0x00026f50        0x0
                [!provide]                PROVIDE (__init_array_start, .)
 *(SORT(.init_array.*) SORT(.ctors.*))
 *(.init_array EXCLUDE_FILE(*crtend?.o *crtend.o *crtbegin?.o *crtbegin.o) .ctors)
                [!provide]                PROVIDE (__init_array_end, .)

.fini_array     0x00026f50        0x0
                [!provide]                PROVIDE (__fini_array_start, .)
 *(SORT(.fini_array.*) SORT(.dtors.*))
 *(.fini_array EXCLUDE_FILE(*crtend?.o *crtend.o *crtbegin?.o *crtbegin.o) .dtors)
                [!provide]                PROVIDE (__fini_array_end, .)

.ctors
 *crtbegin.o(.ctors)
 *crtbegin?.o(.ctors)
 *(EXCLUDE_FILE(*crtend?.o *crtend.o) .ctors)
 *(SORT(.ctors.*))
 *(.ctors)

.dtors
 *crtbegin.o(.dtors)
 *crtbegin?.o(.dtors)
 *(EXCLUDE_FILE(*crtend?.o *crtend.o) .dtors)
 *(SORT(.dtors.*))
 *(.dtors)

.jcr
 *(.jcr)

.data.rel.ro    0x00026f50        0x0
 *(.data.rel.ro.local* .gnu.linkonce.d.rel.ro.local.*)
 *(.data.rel.ro .data.rel.ro.* .gnu.linkonce.d.rel.ro.*)
 .data.rel.ro   0x00026f50        0x0 main.o

.dynamic        0x00026f50       0xb0
 *(.dynamic)
 .dynamic       0x00026f50       0xb0 main.o
                0x00026f50                _DYNAMIC
                0x00027000                . = DATA_SEGMENT_RELRO_END (., 0x0)

.got            0x00027000       0x54
 *(.got.plt)
 .got.plt       0x00027000       0x54 main.o
                0x00027000                _GLOBAL_OFFSET_TABLE_
 *(.igot.plt)
 .igot.plt      0x00027054        0x0 main.o
 *(.got)
 .got           0x00027054        0x0 main.o
 *(.igot)

.data           0x00027054       0x18
                [!provide]                PROVIDE (__data_start, .)
 *(.data .data.* .gnu.linkonce.d.*)
 .data          0x00027054        0x0 main.o
 .data          0x00027054        0x0 kanayama.o
 .data          0x00027054        0x2 guidance_mgr.o
 .data          0x00027056        0x1 measurement_randomization.o
 .data          0x00027057        0x0 segment.o
 .data          0x00027057        0x0 simulator.o
 .data          0x00027057        0x0 parametres.o
 *fill*         0x00027057        0x1 
 .data          0x00027058       0x14 mat.o
                0x00027058                kINCONS_SIZES
                0x0002705c                kSINGULAR
                0x00027060                kNON_SQUARE
                0x00027064                kNOT_IMPLEMENTED
                0x00027068                kEIG_ERROR
 .data          0x0002706c        0x0 threads_mgr.o
 .data          0x0002706c        0x0 main.o

.data1
 *(.data1)
                0x0002706c                _edata = .
                [!provide]                PROVIDE (edata, .)
                0x0002706c                . = .
                0x0002706c                __bss_start = .
                0x0002706c                __bss_start__ = .

.bss            0x00027070     0x3edc
 *(.dynbss)
 .dynbss        0x00027070        0x0 main.o
 *(.bss .bss.* .gnu.linkonce.b.*)
 .bss           0x00027070        0x0 main.o
 .bss           0x00027070        0x0 kanayama.o
 .bss           0x00027070     0x3ea8 guidance_mgr.o
 .bss           0x0002af18        0x0 measurement_randomization.o
 .bss           0x0002af18        0x0 segment.o
 .bss           0x0002af18       0x10 simulator.o
                0x0002af18                v
                0x0002af20                w
 .bss           0x0002af28        0x0 parametres.o
 .bss           0x0002af28        0x0 mat.o
 .bss           0x0002af28        0x0 threads_mgr.o
 .bss           0x0002af28        0x0 main.o
 *(COMMON)
 COMMON         0x0002af28       0x24 measurement_randomization.o
                0x0002af28                input_random_param
                0x0002af4c                . = ALIGN ((. != 0x0)?0x4:0x1)
                0x0002af4c                _bss_end__ = .
                0x0002af4c                __bss_end__ = .
                0x0002af4c                . = ALIGN (0x4)
                0x0002af4c                . = SEGMENT_START ("ldata-segment", .)
                0x0002af4c                . = ALIGN (0x4)
                0x0002af4c                __end__ = .
                0x0002af4c                _end = .
                [!provide]                PROVIDE (end, .)
                0x0002af4c                . = DATA_SEGMENT_END (.)

.stab
 *(.stab)

.stabstr
 *(.stabstr)

.stab.excl
 *(.stab.excl)

.stab.exclstr
 *(.stab.exclstr)

.stab.index
 *(.stab.index)

.stab.indexstr
 *(.stab.indexstr)

.comment        0x00000000       0x34
 *(.comment)
 .comment       0x00000000       0x34 main.o
                                 0x35 (taille avant relaxe)
 .comment       0x00000034       0x35 kanayama.o
 .comment       0x00000034       0x35 guidance_mgr.o
 .comment       0x00000034       0x35 measurement_randomization.o
 .comment       0x00000034       0x35 segment.o
 .comment       0x00000034       0x35 simulator.o
 .comment       0x00000034       0x35 parametres.o
 .comment       0x00000034       0x35 mat.o
 .comment       0x00000034       0x35 threads_mgr.o
 .comment       0x00000034       0x35 main.o

.ARM.attributes
                0x00000000       0x2f
 .ARM.attributes
                0x00000000       0x2f main.o
 .ARM.attributes
                0x0000002f       0x2f kanayama.o
 .ARM.attributes
                0x0000005e       0x2f guidance_mgr.o
 .ARM.attributes
                0x0000008d       0x2f measurement_randomization.o
 .ARM.attributes
                0x000000bc       0x2f segment.o
 .ARM.attributes
                0x000000eb       0x2f simulator.o
 .ARM.attributes
                0x0000011a       0x2f parametres.o
 .ARM.attributes
                0x00000149       0x2f mat.o
 .ARM.attributes
                0x00000178       0x2f threads_mgr.o
 .ARM.attributes
                0x000001a7       0x2f main.o

.debug
 *(.debug)

.line
 *(.line)

.debug_srcinfo
 *(.debug_srcinfo)

.debug_sfnames
 *(.debug_sfnames)

.debug_aranges
 *(.debug_aranges)

.debug_pubnames
 *(.debug_pubnames)

.debug_info
 *(.debug_info .gnu.linkonce.wi.*)

.debug_abbrev
 *(.debug_abbrev)

.debug_line
 *(.debug_line .debug_line.* .debug_line_end)

.debug_frame
 *(.debug_frame)

.debug_str
 *(.debug_str)

.debug_loc
 *(.debug_loc)

.debug_macinfo
 *(.debug_macinfo)

.debug_weaknames
 *(.debug_weaknames)

.debug_funcnames
 *(.debug_funcnames)

.debug_typenames
 *(.debug_typenames)

.debug_varnames
 *(.debug_varnames)

.debug_pubtypes
 *(.debug_pubtypes)

.debug_ranges
 *(.debug_ranges)

.debug_macro
 *(.debug_macro)

.debug_addr
 *(.debug_addr)

.gnu.attributes
 *(.gnu.attributes)

.note.gnu.arm.ident
 *(.note.gnu.arm.ident)

/DISCARD/
 *(.note.GNU-stack)
 *(.gnu_debuglink)
 *(.gnu.lto_*)
OUTPUT(mysimu elf32-littlearm)
